Tue Aug 25 19:20:41 2026       
+-----------------------------------------------------------------------------------------+
| NVIDIA-SMI 590.48.01              Driver Version: 590.48.01      CUDA Version: 13.1     |
+-----------------------------------------+------------------------+----------------------+
| GPU  Name                 Persistence-M | Bus-Id          Disp.A | Volatile Uncorr. ECC |
| Fan  Temp   Perf          Pwr:Usage/Cap |           Memory-Usage | GPU-Util  Compute M. |
|                                         |                        |               MIG M. |
|=========================================+========================+======================|
|   0  NVIDIA A100-SXM4-40GB          On  |   00000000:41:00.0 Off |                    0 |
| N/A   26C    P0             51W /  400W |       0MiB /  40960MiB |      0%      Default |
|                                         |                        |             Disabled |
+-----------------------------------------+------------------------+----------------------+

+-----------------------------------------------------------------------------------------+
| Processes:                                                                              |
|  GPU   GI   CI              PID   Type   Process name                        GPU Memory |
|        ID   ID                                                               Usage      |
|=========================================================================================|
|  No running processes found                                                             |
+-----------------------------------------------------------------------------------------+
Job ID: 11613799
Job Name: MACE-Scratch
Node: gilbreth-n014
Start Time: Tue Aug 25 07:20:42 PM EDT 2026
Working Directory: /scratch/gilbreth/biswasm/MACE_added_charge/mace
GPU: NVIDIA A100-SXM4-40GB
Starting MACE training...
2026-08-25 19:20:56.551 INFO: ===========VERIFYING SETTINGS===========
2026-08-25 19:20:56.553 INFO: MACE version: 0.3.16
2026-08-25 19:20:56.750 INFO: CUDA version: 13.0, CUDA device: 0
2026-08-25 19:20:57.010 INFO: ===========LOADING INPUT DATA===========
2026-08-25 19:20:57.010 INFO: Using heads: ['Default']
2026-08-25 19:20:57.010 INFO: Using the key specifications to parse data:
2026-08-25 19:20:57.010 INFO: Default: KeySpecification(info_keys={'energy': 'REF_energy', 'stress': 'REF_stress', 'virials': 'REF_virials', 'dipole': 'dipole', 'head': 'head', 'elec_temp': 'elec_temp', 'total_charge': 'total_charge', 'polarizability': 'polarizability', 'total_spin': 'total_spin'}, arrays_keys={'forces': 'REF_forces', 'charges': 'REF_charges'})
2026-08-25 19:20:57.010 INFO: =============    Processing head Default     ===========
2026-08-25 19:21:16.679 INFO: Training set 1/1 [energy: 55837, stress: 55837, virials: 0, dipole components: 0, head: 55837, elec_temp: 0, total_charge: 55837, polarizability: 0, total_spin: 0, forces: 55837, charges: 0]
2026-08-25 19:21:16.728 INFO: Total Training set [energy: 55837, stress: 55837, virials: 0, dipole components: 0, head: 55837, elec_temp: 0, total_charge: 55837, polarizability: 0, total_spin: 0, forces: 55837, charges: 0]
2026-08-25 19:21:16.731 INFO: No validation set provided, splitting training data instead.
2026-08-25 19:21:16.748 INFO: Using random 10% of training set for validation with indices saved in: MACEDefect_outputs/MACEDefect_CsPbX3_valid_indices_278.txt
2026-08-25 19:21:16.873 INFO: Random Split Training set [energy: 50254, stress: 50254, virials: 0, dipole components: 0, head: 50254, elec_temp: 0, total_charge: 50254, polarizability: 0, total_spin: 0, forces: 50254, charges: 0]
2026-08-25 19:21:16.884 INFO: Random Split Validation set [energy: 5583, stress: 5583, virials: 0, dipole components: 0, head: 5583, elec_temp: 0, total_charge: 5583, polarizability: 0, total_spin: 0, forces: 5583, charges: 0]
2026-08-25 19:21:16.884 INFO: Total number of configurations: train=50254, valid=5583, tests=[],
2026-08-25 19:21:17.302 INFO: Atomic Numbers used: [np.int64(7), np.int64(8), np.int64(9), np.int64(15), np.int64(16), np.int64(17), np.int64(33), np.int64(34), np.int64(35), np.int64(52), np.int64(53), np.int64(55), np.int64(82)]
2026-08-25 19:21:17.330 INFO: [E0s] Using 13428 neutral (Q=0) structures out of 50254 total for E0s computation.
2026-08-25 19:21:17.330 INFO: Isolated Atomic Energies (E0s) not in training file, using command line argument
2026-08-25 19:21:17.331 INFO: Computing average Atomic Energies using least squares regression
2026-08-25 19:21:17.553 INFO: Atomic Energies used (z: eV) for head Default: {7: -5.7336223000259485, 8: -5.0194581279318555, 9: -4.2117744963995305, 15: -4.8048266912802395, 16: -3.6461162428460674, 17: -3.124499226183813, 33: -4.705960869379137, 34: -3.3693139310944855, 35: -2.520267638322867, 52: -3.4229792538740593, 53: -1.917885451663401, 55: -3.5846847246608213, 82: -4.568404385469172}
2026-08-25 19:21:17.553 INFO: Processing datasets for head 'Default'
2026-08-25 19:22:19.665 INFO: Combining 1 list datasets for head 'Default'
2026-08-25 19:22:26.200 INFO: Head 'Default' training dataset size: 50254
2026-08-25 19:22:26.200 INFO: Computing average number of neighbors
2026-08-25 19:22:39.945 INFO: Average number of neighbors: 17.53336106968311
2026-08-25 19:22:39.946 INFO: During training the following quantities will be reported: energy, forces
2026-08-25 19:22:39.947 INFO: ===========MODEL DETAILS===========
2026-08-25 19:22:51.090 INFO: Building model
2026-08-25 19:22:51.090 INFO: Message passing with 64 channels and max_L=1 (64x0e+64x1o)
2026-08-25 19:22:51.091 INFO: 2 layers, each with correlation order: 3 (body order: 4) and spherical harmonics up to: l=3
2026-08-25 19:22:51.091 INFO: 10 radial and 5 basis functions
2026-08-25 19:22:51.091 INFO: Radial cutoff: 6.0 A (total receptive field for each atom: 12.0 A)
2026-08-25 19:22:51.091 INFO: Distance transform for radial basis functions: Agnesi
2026-08-25 19:22:51.091 INFO: Hidden irreps: 64x0e+64x1o
2026-08-25 19:22:51.169 INFO: Charge states identified in training data: [-2, -1, 0, 1, 2]
2026-08-25 19:22:52.559 INFO: ===========OPTIMIZER INFORMATION===========
2026-08-25 19:22:52.560 INFO: Using ADAM as parameter optimizer
2026-08-25 19:22:52.561 INFO: Batch size: 10
2026-08-25 19:22:52.561 INFO: Using Exponential Moving Average with decay: 0.99
2026-08-25 19:22:52.561 INFO: Number of gradient updates: 1909652
2026-08-25 19:22:52.561 INFO: Learning rate: 0.005, weight decay: 1e-05
2026-08-25 19:22:52.561 INFO: WeightedEnergyForcesLoss(energy_weight=30.000, forces_weight=50.000)
2026-08-25 19:22:52.561 INFO: Auto-enabling CuEquivariance for MACEDefect on CUDA
2026-08-25 19:22:52.561 INFO: Converting model to CUEQ for accelerated training
2026-08-25 19:22:52.681 INFO: Creating new model with cuequivariance settings
2026-08-25 19:22:56.299 INFO: === Layer's learning rates ===
2026-08-25 19:22:56.299 INFO: Param group 0: lr = 0.0025
2026-08-25 19:22:56.299 INFO: Param group 1: lr = 0.0025
2026-08-25 19:22:56.300 INFO: Param group 2: lr = 0.0025
2026-08-25 19:22:56.300 INFO: Param group 3: lr = 0.0025
2026-08-25 19:22:56.300 INFO: Param group 4: lr = 0.0025
2026-08-25 19:22:56.301 INFO: Using gradient clipping with tolerance=20.000
2026-08-25 19:22:56.301 INFO: 
2026-08-25 19:22:56.301 INFO: ===========TRAINING===========
2026-08-25 19:22:56.301 INFO: Started training, reporting errors on validation set
2026-08-25 19:22:56.301 INFO: Loss metrics on validation set
2026-08-25 19:24:17.707 INFO: Initial: head: Default, loss=0.68077763, RMSE_E_per_atom=  246.15 meV, RMSE_F=  269.38 meV / A
